
> nextflow@0.1.0 build
> next build

Γû▓ Next.js 16.2.1 (Turbopack)
- Environments: .env

  Creating an optimized production build ...
Γ£ô Compiled successfully in 21.8s
  Running TypeScript ...
  Finished TypeScript in 20.1s ...
  Collecting page data using 7 workers ...
  Generating static pages using 7 workers (0/5) ...
  Generating static pages using 7 workers (1/5) 
  Generating static pages using 7 workers (2/5) 
  Generating static pages using 7 workers (3/5) 
Γ£ô Generating static pages using 7 workers (5/5) in 356ms
  Finalizing page optimization ...

Route (app)
Γöî Γùï /
Γö£ Γùï /_not-found
Γö£ ╞Æ /api/workflows
Γö£ ╞Æ /api/workflows/[id]
Γö£ ╞Æ /api/workflows/[id]/run
Γö£ ╞Æ /api/workflows/[id]/runs/[runId]
Γöö ╞Æ /workflows/[id]


Γùï  (Static)   prerendered as static content
╞Æ  (Dynamic)  server-rendered on demand

